Microchip MPLAB XC8 Compiler V1.41 ()

Linker command line:

-W-3 --edf=/opt/microchip/xc8/v1.41/dat/en_msgs.txt -cs \
  -h+dist/default/production/IECTOOLTest1.production.sym \
  --cmf=dist/default/production/IECTOOLTest1.production.cmf -z -Q16F18344 \
  -o/tmp/xcXOk2XoB -Mdist/default/production/IECTOOLTest1.production.map \
  -E1 -ver=XC8 -ASTACK=0207Ah-021efh -pstack=STACK -ACODE=00h-07FFhx2 \
  -ASTRCODE=00h-0FFFh -ASTRING=00h-0FFhx16 -ACONST=00h-0FFhx16 \
  -AENTRY=00h-0FFhx16 -ACOMMON=070h-07Fh -ABANK0=020h-06Fh \
  -ABANK1=0A0h-0EFh -ABANK2=0120h-016Fh -ABANK3=01A0h-01EFh \
  -ABANK4=0220h-026Fh -ABANK5=02A0h-02EFh -ABANK6=0320h-032Fh \
  -ABIGRAM=02000h-021EFh \
  -ARAM=020h-06Fh,0A0h-0EFh,0120h-016Fh,01A0h-01EFh,0220h-026Fh,02A0h-02EFh,0320h-032Fh \
  -AABS1=020h-07Fh,0A0h-0EFh,0120h-016Fh,01A0h-01EFh,0220h-026Fh,02A0h-02EFh,0320h-032Fh \
  -ASFR0=00h-01Fh -ASFR1=080h-09Fh -ASFR2=0100h-011Fh -ASFR3=0180h-019Fh \
  -ASFR4=0200h-021Fh -ASFR5=0280h-029Fh -ASFR6=0300h-031Fh \
  -ASFR7=0380h-03EFh -ASFR8=0400h-046Fh -ASFR9=0480h-04EFh \
  -ASFR10=0500h-056Fh -ASFR11=0580h-05EFh -ASFR12=0600h-066Fh \
  -ASFR13=0680h-06EFh -ASFR14=0700h-076Fh -ASFR15=0780h-07EFh \
  -ASFR16=0800h-086Fh -ASFR17=0880h-08EFh -ASFR18=0900h-096Fh \
  -ASFR19=0980h-09EFh -ASFR20=0A00h-0A6Fh -ASFR21=0A80h-0AEFh \
  -ASFR22=0B00h-0B6Fh -ASFR23=0B80h-0BEFh -ASFR24=0C00h-0C6Fh \
  -ASFR25=0C80h-0CEFh -ASFR26=0D00h-0D6Fh -ASFR27=0D80h-0DEFh \
  -ASFR28=0E00h-0E6Fh -ASFR29=0E80h-0EEFh -ASFR30=0F00h-0F6Fh \
  -ASFR31=0F80h-0FEFh -preset_vec=00h,intentry=04h,init,end_init \
  -ppowerup=CODE -pcinit=CODE -pfunctab=CODE -ACONFIG=08007h-0800Ah \
  -pconfig=CONFIG -DCONFIG=2 -AIDLOC=08000h-08003h -pidloc=IDLOC -DIDLOC=2 \
  -AEEDATA=00h-0FFh/0F000h -peeprom_data=EEDATA -DEEDATA=2 -DCODE=2 \
  -DSTRCODE=2 -DSTRING=2 -DCONST=2 -DENTRY=2 -k /tmp/xcX5vAyqy.obj \
  dist/default/production/IECTOOLTest1.production.obj 

Object code version is 3.11

Machine type is 16F18344



                Name                               Link     Load   Length Selector   Space Scale
/tmp/xcX5vAyqy.obj
                end_init                             16       16        2        8       0
                reset_vec                             0        0        2        0       0
                config                             8007     8007        4    1000E       0
dist/default/production/IECTOOLTest1.production.obj
                cinit                                18       18       24        8       0
                intentry                              4        4       12        8       0
                text46                              D41      D41        3     1A82       0
                text45                              DDC      DDC       10     1BB8       0
                text44                              D5D      D5D        5     1ABA       0
                text43                              F3D      F3D       39     1E7A       0
                text42                              FB3      FB3       4D     1F66       0
                text41                              DEC      DEC       12     1BD8       0
                text40                              D44      D44        3     1A88       0
                text39                              E90      E90       1F     1D20       0
                text38                              D47      D47        3     1A8E       0
                text37                              D62      D62        5     1AC4       0
                text35                                2        2        2        0       0
                text34                              E27      E27       19     1C4E       0
                text33                              D4A      D4A        3     1A94       0
                text32                              D67      D67        5     1ACE       0
                text31                              ED4      ED4       34     1DA8       0
                text30                              E59      E59       1B     1CB2       0
                text29                              798      798       52        8       0
                text28                              DB5      DB5        C     1B6A       0
                text27                              E74      E74       1C     1CE8       0
                text26                              D8C      D8C        A     1B18       0
                text25                              E40      E40       19     1C80       0
                text24                              6D9      6D9       64        8       0
                text23                              D4D      D4D        3     1A9A       0
                text22                              D50      D50        3     1AA0       0
                text21                              D59      D59        4     1AB2       0
                text20                              D72      D72        8     1AE4       0
                swtext2                             800      800       20     1000       0
                text19                              F08      F08       35     1E10       0
                text18                              DFE      DFE       14     1BFC       0
                text17                              DCE      DCE        E     1B9C       0
                text16                              5F8      5F8       7A        8       0
                text15                              57E      57E       7A        8       0
                text14                              47E      47E      100        8       0
                text13                              73D      73D       5B        8       0
                text12                              E12      E12       15     1C24       0
                text11                              EAF      EAF       25     1D5E       0
                swtext1                             820      820        C     1000       0
                text10                               3C       3C      442        8       0
                text9                               D7A      D7A        9     1AF4       0
                text8                               DAA      DAA        B     1B54       0
                text7                               D83      D83        9     1B06       0
                text6                               F76      F76       3D     1EEC       0
                text5                               D96      D96        A     1B2C       0
                text4                               D53      D53        3     1AA6       0
                text3                               DC1      DC1        D     1B82       0
                text2                               DA0      DA0        A     1B40       0
                text1                               7EA      7EA       15        8       0
                maintext                            672      672       67        8       0
                cstackBANK0                          58       58        E       20       1
                cstackCOMMON                         70       70        A       70       1
                clrtext                             D6C      D6C        6     1AD8       0
                bssBANK1                             A0       A0       2A       A0       1
                dataBANK0                            66       66        3       20       1
                bssBANK0                             20       20       38       20       1
                dataCOMMON                           7B       7B        1       70       1
                bssCOMMON                            7A       7A        1       70       1
                idataBANK0                          D56      D56        3     1AAC       0
                idataCOMMON                         7FF      7FF        1        8       0

TOTAL           Name                               Link     Load   Length     Space
        CLASS   STACK          

        CLASS   CODE           
                end_init                             16       16        2         0
                cinit                                18       18       24         0
                intentry                              4        4       12         0
                reset_vec                             0        0        2         0
                text46                              D41      D41        3         0
                text45                              DDC      DDC       10         0
                text44                              D5D      D5D        5         0
                text43                              F3D      F3D       39         0
                text42                              FB3      FB3       4D         0
                text41                              DEC      DEC       12         0
                text40                              D44      D44        3         0
                text39                              E90      E90       1F         0
                text38                              D47      D47        3         0
                text37                              D62      D62        5         0
                text35                                2        2        2         0
                text34                              E27      E27       19         0
                text33                              D4A      D4A        3         0
                text32                              D67      D67        5         0
                text31                              ED4      ED4       34         0
                text30                              E59      E59       1B         0
                text29                              798      798       52         0
                text28                              DB5      DB5        C         0
                text27                              E74      E74       1C         0
                text26                              D8C      D8C        A         0
                text25                              E40      E40       19         0
                text24                              6D9      6D9       64         0
                text23                              D4D      D4D        3         0
                text22                              D50      D50        3         0
                text21                              D59      D59        4         0
                text20                              D72      D72        8         0
                text19                              F08      F08       35         0
                text18                              DFE      DFE       14         0
                text17                              DCE      DCE        E         0
                text16                              5F8      5F8       7A         0
                text15                              57E      57E       7A         0
                text14                              47E      47E      100         0
                text13                              73D      73D       5B         0
                text12                              E12      E12       15         0
                text11                              EAF      EAF       25         0
                text10                               3C       3C      442         0
                text9                               D7A      D7A        9         0
                text8                               DAA      DAA        B         0
                text7                               D83      D83        9         0
                text6                               F76      F76       3D         0
                text5                               D96      D96        A         0
                text4                               D53      D53        3         0
                text3                               DC1      DC1        D         0
                text2                               DA0      DA0        A         0
                text1                               7EA      7EA       15         0
                maintext                            672      672       67         0
                clrtext                             D6C      D6C        6         0
                idataBANK0                          D56      D56        3         0
                idataCOMMON                         7FF      7FF        1         0

        CLASS   STRCODE        

        CLASS   STRING         

        CLASS   CONST          
                swtext2                             800      800       20         0
                swtext1                             820      820        C         0

        CLASS   ENTRY          

        CLASS   COMMON         
                cstackCOMMON                         70       70        A         1
                dataCOMMON                           7B       7B        1         1
                bssCOMMON                            7A       7A        1         1

        CLASS   BANK0          
                cstackBANK0                          58       58        E         1
                dataBANK0                            66       66        3         1
                bssBANK0                             20       20       38         1

        CLASS   BANK1          
                bssBANK1                             A0       A0       2A         1

        CLASS   BANK2          

        CLASS   BANK3          

        CLASS   BANK4          

        CLASS   BANK5          

        CLASS   BANK6          

        CLASS   BIGRAM         

        CLASS   RAM            

        CLASS   ABS1           
                abs_s1                               7E       7E        2         1

        CLASS   SFR0           

        CLASS   SFR1           

        CLASS   SFR2           

        CLASS   SFR3           

        CLASS   SFR4           

        CLASS   SFR5           

        CLASS   SFR6           

        CLASS   SFR7           

        CLASS   SFR8           

        CLASS   SFR9           

        CLASS   SFR10          

        CLASS   SFR11          

        CLASS   SFR12          

        CLASS   SFR13          

        CLASS   SFR14          

        CLASS   SFR15          

        CLASS   SFR16          

        CLASS   SFR17          

        CLASS   SFR18          

        CLASS   SFR19          

        CLASS   SFR20          

        CLASS   SFR21          

        CLASS   SFR22          

        CLASS   SFR23          

        CLASS   SFR24          

        CLASS   SFR25          

        CLASS   SFR26          

        CLASS   SFR27          

        CLASS   SFR28          

        CLASS   SFR29          

        CLASS   SFR30          

        CLASS   SFR31          

        CLASS   CONFIG         
                config                             8007     8007        4         0

        CLASS   IDLOC          

        CLASS   EEDATA         

        CLASS   BANK31         

        CLASS   BANK30         

        CLASS   BANK29         

        CLASS   BANK28         

        CLASS   BANK27         

        CLASS   BANK26         

        CLASS   BANK25         

        CLASS   BANK24         

        CLASS   BANK23         

        CLASS   BANK22         

        CLASS   BANK21         

        CLASS   BANK20         

        CLASS   BANK19         

        CLASS   BANK18         

        CLASS   BANK17         

        CLASS   BANK16         

        CLASS   BANK15         

        CLASS   BANK14         

        CLASS   BANK13         

        CLASS   BANK12         

        CLASS   BANK11         

        CLASS   BANK10         

        CLASS   BANK9          

        CLASS   BANK8          

        CLASS   BANK7          



SEGMENTS        Name                           Load    Length   Top    Selector   Space  Class     Delta

                reset_vec                      000000  000004  000004         0       0  CODE        2
                intentry                       000004  0007FC  000800         8       0  CODE        2
                bssBANK0                       000020  000049  000069        20       1  BANK0       1
                cstackCOMMON                   000070  00000C  00007C        70       1  COMMON      1
                bssBANK1                       0000A0  00002A  0000CA        A0       1  BANK1       1
                swtext2                        000800  00002C  00082C      1000       0  CONST       2
                text46                         000D41  000003  000D44      1A82       0  CODE        2
                text40                         000D44  000003  000D47      1A88       0  CODE        2
                text38                         000D47  000003  000D4A      1A8E       0  CODE        2
                text33                         000D4A  000003  000D4D      1A94       0  CODE        2
                text23                         000D4D  000003  000D50      1A9A       0  CODE        2
                text22                         000D50  000003  000D53      1AA0       0  CODE        2
                text4                          000D53  000003  000D56      1AA6       0  CODE        2
                idataBANK0                     000D56  000003  000D59      1AAC       0  CODE        2
                text21                         000D59  000004  000D5D      1AB2       0  CODE        2
                text44                         000D5D  000005  000D62      1ABA       0  CODE        2
                text37                         000D62  000005  000D67      1AC4       0  CODE        2
                text32                         000D67  000005  000D6C      1ACE       0  CODE        2
                clrtext                        000D6C  000006  000D72      1AD8       0  CODE        2
                text20                         000D72  000008  000D7A      1AE4       0  CODE        2
                text9                          000D7A  000009  000D83      1AF4       0  CODE        2
                text7                          000D83  000009  000D8C      1B06       0  CODE        2
                text26                         000D8C  00000A  000D96      1B18       0  CODE        2
                text5                          000D96  00000A  000DA0      1B2C       0  CODE        2
                text2                          000DA0  00000A  000DAA      1B40       0  CODE        2
                text8                          000DAA  00000B  000DB5      1B54       0  CODE        2
                text28                         000DB5  00000C  000DC1      1B6A       0  CODE        2
                text3                          000DC1  00000D  000DCE      1B82       0  CODE        2
                text17                         000DCE  00000E  000DDC      1B9C       0  CODE        2
                text45                         000DDC  000010  000DEC      1BB8       0  CODE        2
                text41                         000DEC  000012  000DFE      1BD8       0  CODE        2
                text18                         000DFE  000014  000E12      1BFC       0  CODE        2
                text12                         000E12  000015  000E27      1C24       0  CODE        2
                text34                         000E27  000019  000E40      1C4E       0  CODE        2
                text25                         000E40  000019  000E59      1C80       0  CODE        2
                text30                         000E59  00001B  000E74      1CB2       0  CODE        2
                text27                         000E74  00001C  000E90      1CE8       0  CODE        2
                text39                         000E90  00001F  000EAF      1D20       0  CODE        2
                text11                         000EAF  000025  000ED4      1D5E       0  CODE        2
                text31                         000ED4  000034  000F08      1DA8       0  CODE        2
                text19                         000F08  000035  000F3D      1E10       0  CODE        2
                text43                         000F3D  000039  000F76      1E7A       0  CODE        2
                text6                          000F76  00003D  000FB3      1EEC       0  CODE        2
                text42                         000FB3  00004D  001000      1F66       0  CODE        2
                config                         008007  000004  00800B     1000E       0  CONFIG      2


UNUSED ADDRESS RANGES

        Name                Unused          Largest block    Delta
        BANK0            00069-0006F               7           1
        BANK1            000CA-000EF              26           1
        BANK2            00120-0016F              50           1
        BANK3            001A0-001EF              50           1
        BANK4            00220-0026F              50           1
        BANK5            002A0-002EF              50           1
        BANK6            00320-0032F              10           1
        BIGRAM           02000-021EF             1F0           1
        CODE             0082C-00D40             515           2
        COMMON           0007C-0007D               2           1
        CONST            0082C-00D40             100           2
        EEDATA           0F000-0F0FF             100           2
        ENTRY            0082C-00D40             100           2
        IDLOC            08000-08003               4           2
        RAM              00069-0006F               7           1
                         000CA-000EF              26
                         00120-0016F              50
                         001A0-001EF              50
                         00220-0026F              50
                         002A0-002EF              50
                         00320-0032F              10
        SFR0             00000-0001F              20           1
        SFR1             00080-0009F              20           1
        SFR10            00500-0056F              70           1
        SFR11            00580-005EF              70           1
        SFR12            00600-0066F              70           1
        SFR13            00680-006EF              70           1
        SFR14            00700-0076F              70           1
        SFR15            00780-007EF              70           1
        SFR16            00800-0086F              70           1
        SFR17            00880-008EF              70           1
        SFR18            00900-0096F              70           1
        SFR19            00980-009EF              70           1
        SFR2             00100-0011F              20           1
        SFR20            00A00-00A6F              70           1
        SFR21            00A80-00AEF              70           1
        SFR22            00B00-00B6F              70           1
        SFR23            00B80-00BEF              70           1
        SFR24            00C00-00C6F              70           1
        SFR25            00C80-00CEF              70           1
        SFR26            00D00-00D6F              70           1
        SFR27            00D80-00DEF              70           1
        SFR28            00E00-00E6F              70           1
        SFR29            00E80-00EEF              70           1
        SFR3             00180-0019F              20           1
        SFR30            00F00-00F6F              70           1
        SFR31            00F80-00FEF              70           1
        SFR4             00200-0021F              20           1
        SFR5             00280-0029F              20           1
        SFR6             00300-0031F              20           1
        SFR7             00380-003EF              70           1
        SFR8             00400-0046F              70           1
        SFR9             00480-004EF              70           1
        STACK            0207A-021EF             176           1
        STRCODE          0082C-00D40             515           2
        STRING           0082C-00D40             100           2

                                  Symbol Table

?_ADC_GetConversion                  cstackCOMMON 00072
?___lwdiv                            cstackCOMMON 00072
?___wmul                             cstackCOMMON 00072
ADC_GetConversion@channel            cstackCOMMON 00075
BuzzerStartConfig@BuzzDurationSec    cstackBANK0  0005B
BuzzerStartConfig@BuzzNumBeep        cstackBANK0  00058
DATAEE_ReadByte@bAdd                 cstackCOMMON 00072
DATAEE_WriteByte@GIEBitValue         cstackCOMMON 00075
DATAEE_WriteByte@bAdd                cstackCOMMON 00072
DATAEE_WriteByte@bData               cstackCOMMON 00074
EUSART_Write@txData                  cstackCOMMON 00072
FanStartConfig@FanONDurationSec      cstackCOMMON 00073
LedONStartConfig@LEDcolor            cstackBANK0  0005C
LedONStartConfig@LedONDurationSec    cstackBANK0  00058
LedONStartConfig@LedONNumBlink       cstackBANK0  00059
PIN_MANAGER_Initialize@state         cstackCOMMON 00072
PackageTxResponseACK@frameType       cstackBANK0  00058
PackageTxResponseData@data           cstackBANK0  00059
PackageTxResponseData@dataLen        cstackBANK0  0005A
PackageTxResponseData@frameType      cstackBANK0  0005E
PackageTxResponseData@i              cstackBANK0  0005D
PackageTxResponseNACK@frameType      cstackBANK0  00058
ProtocolManager@k                    cstackBANK0  00063
TMR2_WriteTimer@timerVal             cstackCOMMON 00072
_ADACT                               (abs)        0009F
_ADCON0                              (abs)        0009D
_ADCON0bits                          (abs)        0009D
_ADCON1                              (abs)        0009E
_ADC_GetConversion                   text34       00E27
_ADC_Initialize                      text9        00D7A
_ADRESH                              (abs)        0009C
_ADRESL                              (abs)        0009B
_ANSELA                              (abs)        0018C
_ANSELB                              (abs)        0018D
_ANSELC                              (abs)        0018E
_AnalogSenseRaw                      bssBANK0     00028
_AnalogSenseRawByte                  bssBANK0     00054
_BAUD1CON                            (abs)        0019F
_Bbeep_tickPoint                     bssBANK0     00030
_Bbeep_tickPointMsec                 bssBANK0     00032
_Blick_tickPoint                     bssBANK0     00022
_Blick_tickPointMsec                 bssBANK0     00024
_BuzzerStartConfig                   text29       00798
_Buzzer_1msec_Cnt                    bssBANK0     00034
_Buzzer_Control_msec                 text43       00F3D
_Buzzer_Duration_1msec               bssBANK0     0002E
_Buzzer_ON                           bssBANK0     00051
_ChannelNumber                       bssBANK0     00045
_ChannelNumberChar                   dataBANK0    00066
_Checksum                            bssBANK0     00056
_CommandError                        bssBANK0     00046
_DATAEE_ReadByte                     text28       00DB5
_DATAEE_WriteByte                    text27       00E74
_DelayMsecCount                      bssBANK0     00038
_DigitalIN                           bssBANK0     00057
_EUSART_Initialize                   text8        00DAA
_EUSART_RX_Disable                   text23       00D4D
_EUSART_RX_Enable                    text22       00D50
_EUSART_Read                         text26       00D8C
_EUSART_TX_Completed                 text21       00D59
_EUSART_Write                        text20       00D72
_FanStartConfig                      text25       00E40
_Fan_Control_Sec                     text41       00DEC
_Fan_ON                              bssBANK0     00040
_GIE                                 (abs)        0005F
_INTCONbits                          (abs)        0000B
_INTERRUPT_InterruptManager          intentry     00004
_LATA                                (abs)        0010C
_LATB                                (abs)        0010D
_LATB6                               (abs)        0086E
_LATC                                (abs)        0010E
_LATC0                               (abs)        00870
_LATC1                               (abs)        00871
_LATC2                               (abs)        00872
_LATC6                               (abs)        00876
_LED_Color                           dataCOMMON   0007B
_LED_Sec_Cnt                         bssBANK0     0003E
_LED_msec_Cnt                        bssBANK0     00026
_LedONStartConfig                    text24       006D9
_LedONStatusBusy                     text35       00002
_LedON_Control_msec                  text42       00FB3
_LedON_Duration_msec                 bssBANK0     00020
_LedON_Duration_sec                  bssBANK0     0003F
_Led_ON                              bssCOMMON    0007A
_Msec10_cnt                          bssBANK0     0003A
_Msec_cnt                            bssBANK0     0003C
_NVMADRH                             (abs)        00892
_NVMADRL                             (abs)        00891
_NVMCON1bits                         (abs)        00895
_NVMCON2                             (abs)        00896
_NVMDATH                             (abs)        00894
_NVMDATL                             (abs)        00893
_OSCCON1                             (abs)        00919
_OSCCON3                             (abs)        0091B
_OSCEN                               (abs)        0091D
_OSCFRQ                              (abs)        0091F
_OSCILLATOR_Initialize               text7        00D83
_OSCTUNE                             (abs)        0091E
_One_msec_task                       text39       00E90
_One_sec_task                        text40       00D44
_PIE0bits                            (abs)        00090
_PIN_MANAGER_Initialize              text6        00F76
_PIR0bits                            (abs)        00010
_PIR1bits                            (abs)        00011
_PPSLOCK                             (abs)        00E0F
_PPSLOCKbits                         (abs)        00E0F
_PR2                                 (abs)        0001E
_PWM5CON                             (abs)        00619
_PWM5DCH                             (abs)        00618
_PWM5DCL                             (abs)        00617
_PWM5_Initialize                     text5        00D96
_PWMTMRSbits                         (abs)        0061F
_PackageTxResponseACK                text16       005F8
_PackageTxResponseData               text14       0047E
_PackageTxResponseNACK               text15       0057E
_ProtocolManager                     text10       0003C
_RB5PPSbits                          (abs)        00E9D
_RC1REG                              (abs)        00199
_RC1STA                              (abs)        0019D
_RC1STAbits                          (abs)        0019D
_RC3PPSbits                          (abs)        00EA3
_RXChecksum                          bssBANK0     00044
_RXPPSbits                           (abs)        00E24
_RxFrameDataLen                      bssBANK0     0004F
_RxFrameDataLenCnt                   bssBANK0     0004E
_RxFrameDecodeState                  bssBANK0     00050
_RxFrameType                         dataBANK0    00068
_SP1BRGH                             (abs)        0019C
_SP1BRGL                             (abs)        0019B
_SYSTEM_Initialize                   text1        007EA
_SetBuzzDurationSec                  bssBANK0     0004B
_SetBuzzNumBeep                      bssBANK0     0004A
_SetFANOnDurationSec                 bssBANK0     00049
_SetLEDcolor                         dataBANK0    00067
_SetLedONDurationSec                 bssBANK0     0004D
_SetLedONNumBlink                    bssBANK0     0004C
_T0CON0                              (abs)        00017
_T0CON0bits                          (abs)        00017
_T0CON1                              (abs)        00018
_T2CON                               (abs)        0001F
_T2CONbits                           (abs)        0001F
_TMR0H                               (abs)        00016
_TMR0L                               (abs)        00015
_TMR0_CallBack                       text38       00D47
_TMR0_ISR                            text37       00D62
_TMR0_Initialize                     text3        00DC1
_TMR0_StartTimer                     text4        00D53
_TMR2                                (abs)        0001D
_TMR2_Initialize                     text2        00DA0
_TMR2_StartTimer                     text33       00D4A
_TMR2_StopTimer                      text46       00D41
_TMR2_ToggleTimer                    text45       00DDC
_TMR2_WriteTimer                     text32       00D67
_TRISA                               (abs)        0008C
_TRISB                               (abs)        0008D
_TRISC                               (abs)        0008E
_TX1REG                              (abs)        0019A
_TX1STA                              (abs)        0019E
_WPUA                                (abs)        0020C
_WPUB                                (abs)        0020D
_WPUC                                (abs)        0020E
__CFG_BOREN$ON                       (abs)        00000
__CFG_BORV$LOW                       (abs)        00000
__CFG_CLKOUTEN$OFF                   (abs)        00000
__CFG_CP$OFF                         (abs)        00000
__CFG_CPD$OFF                        (abs)        00000
__CFG_CSWEN$ON                       (abs)        00000
__CFG_DEBUG$OFF                      (abs)        00000
__CFG_FCMEN$ON                       (abs)        00000
__CFG_FEXTOSC$OFF                    (abs)        00000
__CFG_LPBOREN$OFF                    (abs)        00000
__CFG_LVP$ON                         (abs)        00000
__CFG_MCLRE$ON                       (abs)        00000
__CFG_PPS1WAY$ON                     (abs)        00000
__CFG_PWRTE$OFF                      (abs)        00000
__CFG_RSTOSC$HFINT32                 (abs)        00000
__CFG_STVREN$ON                      (abs)        00000
__CFG_WDTE$OFF                       (abs)        00000
__CFG_WRT$OFF                        (abs)        00000
__Habs1                              abs1         00000
__Hbank0                             bank0        00000
__Hbank1                             bank1        00000
__Hbank10                            bank10       00000
__Hbank11                            bank11       00000
__Hbank12                            bank12       00000
__Hbank13                            bank13       00000
__Hbank14                            bank14       00000
__Hbank15                            bank15       00000
__Hbank16                            bank16       00000
__Hbank17                            bank17       00000
__Hbank18                            bank18       00000
__Hbank19                            bank19       00000
__Hbank2                             bank2        00000
__Hbank20                            bank20       00000
__Hbank21                            bank21       00000
__Hbank22                            bank22       00000
__Hbank23                            bank23       00000
__Hbank24                            bank24       00000
__Hbank25                            bank25       00000
__Hbank26                            bank26       00000
__Hbank27                            bank27       00000
__Hbank28                            bank28       00000
__Hbank29                            bank29       00000
__Hbank3                             bank3        00000
__Hbank30                            bank30       00000
__Hbank31                            bank31       00000
__Hbank4                             bank4        00000
__Hbank5                             bank5        00000
__Hbank6                             bank6        00000
__Hbank7                             bank7        00000
__Hbank8                             bank8        00000
__Hbank9                             bank9        00000
__Hbigram                            bigram       00000
__HbssBANK0                          bssBANK0     00000
__HbssBANK1                          bssBANK1     00000
__HbssCOMMON                         bssCOMMON    00000
__Hcinit                             cinit        0003C
__Hclrtext                           clrtext      00000
__Hcode                              code         00000
__Hcommon                            common       00000
__Hconfig                            config       0800B
__HcstackBANK0                       cstackBANK0  00000
__HcstackCOMMON                      cstackCOMMON 00000
__HdataBANK0                         dataBANK0    00000
__HdataCOMMON                        dataCOMMON   00000
__Heeprom_data                       eeprom_data  00000
__Hend_init                          end_init     00018
__Hfunctab                           functab      00000
__HidataBANK0                        idataBANK0   00000
__HidataCOMMON                       idataCOMMON  00000
__Hidloc                             idloc        00000
__Hinit                              init         00016
__Hintentry                          intentry     00016
__Hmaintext                          maintext     00000
__Hpowerup                           powerup      00000
__Hram                               ram          00000
__Hreset_vec                         reset_vec    00002
__Hsfr0                              sfr0         00000
__Hsfr1                              sfr1         00000
__Hsfr10                             sfr10        00000
__Hsfr11                             sfr11        00000
__Hsfr12                             sfr12        00000
__Hsfr13                             sfr13        00000
__Hsfr14                             sfr14        00000
__Hsfr15                             sfr15        00000
__Hsfr16                             sfr16        00000
__Hsfr17                             sfr17        00000
__Hsfr18                             sfr18        00000
__Hsfr19                             sfr19        00000
__Hsfr2                              sfr2         00000
__Hsfr20                             sfr20        00000
__Hsfr21                             sfr21        00000
__Hsfr22                             sfr22        00000
__Hsfr23                             sfr23        00000
__Hsfr24                             sfr24        00000
__Hsfr25                             sfr25        00000
__Hsfr26                             sfr26        00000
__Hsfr27                             sfr27        00000
__Hsfr28                             sfr28        00000
__Hsfr29                             sfr29        00000
__Hsfr3                              sfr3         00000
__Hsfr30                             sfr30        00000
__Hsfr31                             sfr31        00000
__Hsfr4                              sfr4         00000
__Hsfr5                              sfr5         00000
__Hsfr6                              sfr6         00000
__Hsfr7                              sfr7         00000
__Hsfr8                              sfr8         00000
__Hsfr9                              sfr9         00000
__Hspace_0                           (abs)        0800B
__Hspace_1                           (abs)        000CA
__Hspace_2                           (abs)        00000
__Hspace_3                           (abs)        00000
__Hstack                             stack        00000
__Hstrings                           strings      00000
__Htext                              text         00000
__Labs1                              abs1         00000
__Lbank0                             bank0        00000
__Lbank1                             bank1        00000
__Lbank10                            bank10       00000
__Lbank11                            bank11       00000
__Lbank12                            bank12       00000
__Lbank13                            bank13       00000
__Lbank14                            bank14       00000
__Lbank15                            bank15       00000
__Lbank16                            bank16       00000
__Lbank17                            bank17       00000
__Lbank18                            bank18       00000
__Lbank19                            bank19       00000
__Lbank2                             bank2        00000
__Lbank20                            bank20       00000
__Lbank21                            bank21       00000
__Lbank22                            bank22       00000
__Lbank23                            bank23       00000
__Lbank24                            bank24       00000
__Lbank25                            bank25       00000
__Lbank26                            bank26       00000
__Lbank27                            bank27       00000
__Lbank28                            bank28       00000
__Lbank29                            bank29       00000
__Lbank3                             bank3        00000
__Lbank30                            bank30       00000
__Lbank31                            bank31       00000
__Lbank4                             bank4        00000
__Lbank5                             bank5        00000
__Lbank6                             bank6        00000
__Lbank7                             bank7        00000
__Lbank8                             bank8        00000
__Lbank9                             bank9        00000
__Lbigram                            bigram       00000
__LbssBANK0                          bssBANK0     00000
__LbssBANK1                          bssBANK1     00000
__LbssCOMMON                         bssCOMMON    00000
__Lcinit                             cinit        00018
__Lclrtext                           clrtext      00000
__Lcode                              code         00000
__Lcommon                            common       00000
__Lconfig                            config       08007
__LcstackBANK0                       cstackBANK0  00000
__LcstackCOMMON                      cstackCOMMON 00000
__LdataBANK0                         dataBANK0    00000
__LdataCOMMON                        dataCOMMON   00000
__Leeprom_data                       eeprom_data  00000
__Lend_init                          end_init     00016
__Lfunctab                           functab      00000
__LidataBANK0                        idataBANK0   00000
__LidataCOMMON                       idataCOMMON  00000
__Lidloc                             idloc        00000
__Linit                              init         00016
__Lintentry                          intentry     00004
__Lmaintext                          maintext     00000
__Lpowerup                           powerup      00000
__Lram                               ram          00000
__Lreset_vec                         reset_vec    00000
__Lsfr0                              sfr0         00000
__Lsfr1                              sfr1         00000
__Lsfr10                             sfr10        00000
__Lsfr11                             sfr11        00000
__Lsfr12                             sfr12        00000
__Lsfr13                             sfr13        00000
__Lsfr14                             sfr14        00000
__Lsfr15                             sfr15        00000
__Lsfr16                             sfr16        00000
__Lsfr17                             sfr17        00000
__Lsfr18                             sfr18        00000
__Lsfr19                             sfr19        00000
__Lsfr2                              sfr2         00000
__Lsfr20                             sfr20        00000
__Lsfr21                             sfr21        00000
__Lsfr22                             sfr22        00000
__Lsfr23                             sfr23        00000
__Lsfr24                             sfr24        00000
__Lsfr25                             sfr25        00000
__Lsfr26                             sfr26        00000
__Lsfr27                             sfr27        00000
__Lsfr28                             sfr28        00000
__Lsfr29                             sfr29        00000
__Lsfr3                              sfr3         00000
__Lsfr30                             sfr30        00000
__Lsfr31                             sfr31        00000
__Lsfr4                              sfr4         00000
__Lsfr5                              sfr5         00000
__Lsfr6                              sfr6         00000
__Lsfr7                              sfr7         00000
__Lsfr8                              sfr8         00000
__Lsfr9                              sfr9         00000
__Lspace_0                           (abs)        00000
__Lspace_1                           (abs)        00000
__Lspace_2                           (abs)        00000
__Lspace_3                           (abs)        00000
__Lstack                             stack        00000
__Lstrings                           strings      00000
__Ltext                              text         00000
__S0                                 (abs)        0800B
__S1                                 (abs)        000CA
__S2                                 (abs)        00000
__S3                                 (abs)        00000
___int_sp                            stack        00000
___latbits                           (abs)        00001
___lwdiv                             text31       00ED4
___lwdiv@counter                     cstackCOMMON 00077
___lwdiv@dividend                    cstackCOMMON 00074
___lwdiv@divisor                     cstackCOMMON 00072
___lwdiv@quotient                    cstackCOMMON 00078
___sp                                stack        00000
___wmul                              text30       00E59
___wmul@multiplicand                 cstackCOMMON 00074
___wmul@multiplier                   cstackCOMMON 00072
___wmul@product                      cstackCOMMON 00076
__end_of_ADC_GetConversion           text34       00E40
__end_of_ADC_Initialize              text9        00D83
__end_of_BuzzerStartConfig           text29       007EA
__end_of_Buzzer_Control_msec         text43       00F76
__end_of_DATAEE_ReadByte             text28       00DC1
__end_of_DATAEE_WriteByte            text27       00E90
__end_of_EUSART_Initialize           text8        00DB5
__end_of_EUSART_RX_Disable           text23       00D50
__end_of_EUSART_RX_Enable            text22       00D53
__end_of_EUSART_Read                 text26       00D96
__end_of_EUSART_TX_Completed         text21       00D5D
__end_of_EUSART_Write                text20       00D7A
__end_of_FanStartConfig              text25       00E59
__end_of_Fan_Control_Sec             text41       00DFE
__end_of_INTERRUPT_InterruptManager  intentry     00016
__end_of_LedONStartConfig            text24       0073D
__end_of_LedONStatusBusy             text35       00004
__end_of_LedON_Control_msec          text42       01000
__end_of_OSCILLATOR_Initialize       text7        00D8C
__end_of_One_msec_task               text39       00EAF
__end_of_One_sec_task                text40       00D47
__end_of_PIN_MANAGER_Initialize      text6        00FB3
__end_of_PWM5_Initialize             text5        00DA0
__end_of_PackageTxResponseACK        text16       00672
__end_of_PackageTxResponseData       text14       0057E
__end_of_PackageTxResponseNACK       text15       005F8
__end_of_ProtocolManager             text10       0047E
__end_of_SYSTEM_Initialize           text1        007FF
__end_of_TMR0_CallBack               text38       00D4A
__end_of_TMR0_ISR                    text37       00D67
__end_of_TMR0_Initialize             text3        00DCE
__end_of_TMR0_StartTimer             text4        00D56
__end_of_TMR2_Initialize             text2        00DAA
__end_of_TMR2_StartTimer             text33       00D4D
__end_of_TMR2_StopTimer              text46       00D44
__end_of_TMR2_ToggleTimer            text45       00DEC
__end_of_TMR2_WriteTimer             text32       00D6C
__end_of___lwdiv                     text31       00F08
__end_of___wmul                      text30       00E74
__end_of__initialization             cinit        00038
__end_of_char1bytetovalue            text12       00E27
__end_of_char2bytetovalue            text11       00ED4
__end_of_chartovalue                 text13       00798
__end_of_main                        maintext     006D9
__end_of_valtoasciichar              text19       00F3D
__end_of_valuetocharHighNibble       text18       00E12
__end_of_valuetocharLowNibble        text17       00DDC
__end_ofi1_TMR2_WriteTimer           text44       00D62
__initialization                     cinit        00018
__pbssBANK0                          bssBANK0     00020
__pbssBANK1                          bssBANK1     000A0
__pbssCOMMON                         bssCOMMON    0007A
__pcstackBANK0                       cstackBANK0  00058
__pcstackCOMMON                      cstackCOMMON 00070
__pdataBANK0                         dataBANK0    00066
__pdataCOMMON                        dataCOMMON   0007B
__pidataBANK0                        idataBANK0   00D56
__pidataCOMMON                       idataCOMMON  007FF
__pintentry                          intentry     00004
__pmaintext                          maintext     00672
__pswtext1                           swtext1      00820
__pswtext2                           swtext2      00800
__ptext1                             text1        007EA
__ptext10                            text10       0003C
__ptext11                            text11       00EAF
__ptext12                            text12       00E12
__ptext13                            text13       0073D
__ptext14                            text14       0047E
__ptext15                            text15       0057E
__ptext16                            text16       005F8
__ptext17                            text17       00DCE
__ptext18                            text18       00DFE
__ptext19                            text19       00F08
__ptext2                             text2        00DA0
__ptext20                            text20       00D72
__ptext21                            text21       00D59
__ptext22                            text22       00D50
__ptext23                            text23       00D4D
__ptext24                            text24       006D9
__ptext25                            text25       00E40
__ptext26                            text26       00D8C
__ptext27                            text27       00E74
__ptext28                            text28       00DB5
__ptext29                            text29       00798
__ptext3                             text3        00DC1
__ptext30                            text30       00E59
__ptext31                            text31       00ED4
__ptext32                            text32       00D67
__ptext33                            text33       00D4A
__ptext34                            text34       00E27
__ptext35                            text35       00002
__ptext37                            text37       00D62
__ptext38                            text38       00D47
__ptext39                            text39       00E90
__ptext4                             text4        00D53
__ptext40                            text40       00D44
__ptext41                            text41       00DEC
__ptext42                            text42       00FB3
__ptext43                            text43       00F3D
__ptext44                            text44       00D5D
__ptext45                            text45       00DDC
__ptext46                            text46       00D41
__ptext5                             text5        00D96
__ptext6                             text6        00F76
__ptext7                             text7        00D83
__ptext8                             text8        00DAA
__ptext9                             text9        00D7A
__size_of_ADC_GetConversion          (abs)        00000
__size_of_ADC_Initialize             (abs)        00000
__size_of_BuzzerStartConfig          (abs)        00000
__size_of_Buzzer_Control_msec        (abs)        00000
__size_of_DATAEE_ReadByte            (abs)        00000
__size_of_DATAEE_WriteByte           (abs)        00000
__size_of_EUSART_Initialize          (abs)        00000
__size_of_EUSART_RX_Disable          (abs)        00000
__size_of_EUSART_RX_Enable           (abs)        00000
__size_of_EUSART_Read                (abs)        00000
__size_of_EUSART_TX_Completed        (abs)        00000
__size_of_EUSART_Write               (abs)        00000
__size_of_FanStartConfig             (abs)        00000
__size_of_Fan_Control_Sec            (abs)        00000
__size_of_INTERRUPT_InterruptManager (abs)        00000
__size_of_LedONStartConfig           (abs)        00000
__size_of_LedONStatusBusy            (abs)        00000
__size_of_LedON_Control_msec         (abs)        00000
__size_of_OSCILLATOR_Initialize      (abs)        00000
__size_of_One_msec_task              (abs)        00000
__size_of_One_sec_task               (abs)        00000
__size_of_PIN_MANAGER_Initialize     (abs)        00000
__size_of_PWM5_Initialize            (abs)        00000
__size_of_PackageTxResponseACK       (abs)        00000
__size_of_PackageTxResponseData      (abs)        00000
__size_of_PackageTxResponseNACK      (abs)        00000
__size_of_ProtocolManager            (abs)        00000
__size_of_SYSTEM_Initialize          (abs)        00000
__size_of_TMR0_CallBack              (abs)        00000
__size_of_TMR0_ISR                   (abs)        00000
__size_of_TMR0_Initialize            (abs)        00000
__size_of_TMR0_StartTimer            (abs)        00000
__size_of_TMR2_Initialize            (abs)        00000
__size_of_TMR2_StartTimer            (abs)        00000
__size_of_TMR2_StopTimer             (abs)        00000
__size_of_TMR2_ToggleTimer           (abs)        00000
__size_of_TMR2_WriteTimer            (abs)        00000
__size_of___lwdiv                    (abs)        00000
__size_of___wmul                     (abs)        00000
__size_of_char1bytetovalue           (abs)        00000
__size_of_char2bytetovalue           (abs)        00000
__size_of_chartovalue                (abs)        00000
__size_of_main                       (abs)        00000
__size_of_valtoasciichar             (abs)        00000
__size_of_valuetocharHighNibble      (abs)        00000
__size_of_valuetocharLowNibble       (abs)        00000
__size_ofi1_TMR2_WriteTimer          (abs)        00000
_char1bytetovalue                    text12       00E12
_char2bytetovalue                    text11       00EAF
_chartovalue                         text13       0073D
_eepromReadAddr                      bssBANK0     0002A
_eepromReadData                      bssBANK1     000BA
_eepromReadLen                       bssBANK0     00047
_eepromWriteAddr                     bssBANK0     0002C
_eepromWriteData                     bssBANK1     000A0
_eepromWriteLen                      bssBANK0     00048
_highByteChar                        bssBANK0     00043
_lowByteChar                         bssBANK0     00042
_main                                maintext     00672
_txPacketlength                      bssBANK0     00041
_valtoasciichar                      text19       00F08
_valuetocharHighNibble               text18       00DFE
_valuetocharLowNibble                text17       00DCE
btemp                                (abs)        0007E
char1bytetovalue@LowBChar            cstackCOMMON 00078
char1bytetovalue@cksum               cstackCOMMON 00075
char1bytetovalue@valuehex            cstackCOMMON 00077
char2bytetovalue@LowBchar            cstackCOMMON 00075
char2bytetovalue@cksum               cstackCOMMON 00076
char2bytetovalue@highBchar           cstackBANK0  00059
char2bytetovalue@valuehex            cstackBANK0  00058
chartovalue@charNibble               cstackCOMMON 00073
chartovalue@hexval                   cstackCOMMON 00074
clear_ram0                           clrtext      00D6C
end_of_initialization                cinit        00038
i1TMR2_WriteTimer@timerVal           cstackCOMMON 00070
i1_TMR2_WriteTimer                   text44       00D5D
int$flags                            (abs)        0007E
intlevel0                            functab      00000
intlevel1                            functab      00000
intlevel2                            functab      00000
intlevel3                            functab      00000
intlevel4                            functab      00000
intlevel5                            functab      00000
reset_vec                            reset_vec    00000
stackhi                              (abs)        021EF
stacklo                              (abs)        0207A
start                                init         00016
start_initialization                 cinit        00018
valtoasciichar@hexval                cstackCOMMON 00074
valtoasciichar@hexvalue1             cstackCOMMON 00073
valuetocharHighNibble@hexval         cstackCOMMON 00078
valuetocharHighNibble@hexvalue       cstackCOMMON 00077
valuetocharLowNibble@hexval          cstackCOMMON 00077
valuetocharLowNibble@hexvalue        cstackCOMMON 00076
wtemp0                               (abs)        0007E


FUNCTION INFORMATION:

 *************** function _main *****************
 Defined at:
		line 68 in file "main.c"
 Parameters:    Size  Location     Type
		None
 Auto vars:     Size  Location     Type
		None
 Return value:  Size  Location     Type
                  1    wreg      void 
 Registers used:
		wreg, fsr0l, fsr0h, fsr1l, fsr1h, status,2, status,0, pclath, cstack
 Tracked objects:
		On entry : 
		On exit  : 
		Unchanged: 
 Data sizes:     COMMON   BANK0   BANK1   BANK2   BANK3   BANK4   BANK5   BANK6
      Params:         0       0       0       0       0       0       0       0
      Locals:         0       0       0       0       0       0       0       0
      Temps:          0       2       0       0       0       0       0       0
      Totals:         0       2       0       0       0       0       0       0
Total ram usage:        2 bytes
 Hardware stack levels required when called:   11
 This function calls:
		_BuzzerStartConfig
		_FanStartConfig
		_LedONStartConfig
		_LedONStatusBusy
		_ProtocolManager
		_SYSTEM_Initialize
 This function is called by:
		Startup code after reset
 This function uses a non-reentrant model


 *************** function _SYSTEM_Initialize *****************
 Defined at:
		line 77 in file "mcc_generated_files/mcc.c"
 Parameters:    Size  Location     Type
		None
 Auto vars:     Size  Location     Type
		None
 Return value:  Size  Location     Type
                  1    wreg      void 
 Registers used:
		wreg, status,2, status,0, pclath, cstack
 Tracked objects:
		On entry : 
		On exit  : 
		Unchanged: 
 Data sizes:     COMMON   BANK0   BANK1   BANK2   BANK3   BANK4   BANK5   BANK6
      Params:         0       0       0       0       0       0       0       0
      Locals:         0       0       0       0       0       0       0       0
      Temps:          0       0       0       0       0       0       0       0
      Totals:         0       0       0       0       0       0       0       0
Total ram usage:        0 bytes
 Hardware stack levels used:    1
 Hardware stack levels required when called:    8
 This function calls:
		_ADC_Initialize
		_EUSART_Initialize
		_OSCILLATOR_Initialize
		_PIN_MANAGER_Initialize
		_PWM5_Initialize
		_TMR0_Initialize
		_TMR2_Initialize
 This function is called by:
		_main
 This function uses a non-reentrant model


 *************** function _TMR2_Initialize *****************
 Defined at:
		line 58 in file "mcc_generated_files/tmr2.c"
 Parameters:    Size  Location     Type
		None
 Auto vars:     Size  Location     Type
		None
 Return value:  Size  Location     Type
                  1    wreg      void 
 Registers used:
		wreg, status,2, status,0, pclath, cstack
 Tracked objects:
		On entry : 
		On exit  : 
		Unchanged: 
 Data sizes:     COMMON   BANK0   BANK1   BANK2   BANK3   BANK4   BANK5   BANK6
      Params:         0       0       0       0       0       0       0       0
      Locals:         0       0       0       0       0       0       0       0
      Temps:          0       0       0       0       0       0       0       0
      Totals:         0       0       0       0       0       0       0       0
Total ram usage:        0 bytes
 Hardware stack levels used:    1
 Hardware stack levels required when called:    7
 This function calls:
		_TMR2_StartTimer
 This function is called by:
		_SYSTEM_Initialize
 This function uses a non-reentrant model


 *************** function _TMR0_Initialize *****************
 Defined at:
		line 61 in file "mcc_generated_files/tmr0.c"
 Parameters:    Size  Location     Type
		None
 Auto vars:     Size  Location     Type
		None
 Return value:  Size  Location     Type
                  1    wreg      void 
 Registers used:
		wreg, status,2, status,0, pclath, cstack
 Tracked objects:
		On entry : 
		On exit  : 
		Unchanged: 
 Data sizes:     COMMON   BANK0   BANK1   BANK2   BANK3   BANK4   BANK5   BANK6
      Params:         0       0       0       0       0       0       0       0
      Locals:         0       0       0       0       0       0       0       0
      Temps:          0       0       0       0       0       0       0       0
      Totals:         0       0       0       0       0       0       0       0
Total ram usage:        0 bytes
 Hardware stack levels used:    1
 Hardware stack levels required when called:    7
 This function calls:
		_TMR0_StartTimer
 This function is called by:
		_SYSTEM_Initialize
 This function uses a non-reentrant model


 *************** function _TMR0_StartTimer *****************
 Defined at:
		line 87 in file "mcc_generated_files/tmr0.c"
 Parameters:    Size  Location     Type
		None
 Auto vars:     Size  Location     Type
		None
 Return value:  Size  Location     Type
                  1    wreg      void 
 Registers used:
		None
 Tracked objects:
		On entry : 
		On exit  : 
		Unchanged: 
 Data sizes:     COMMON   BANK0   BANK1   BANK2   BANK3   BANK4   BANK5   BANK6
      Params:         0       0       0       0       0       0       0       0
      Locals:         0       0       0       0       0       0       0       0
      Temps:          0       0       0       0       0       0       0       0
      Totals:         0       0       0       0       0       0       0       0
Total ram usage:        0 bytes
 Hardware stack levels used:    1
 Hardware stack levels required when called:    6
 This function calls:
		Nothing
 This function is called by:
		_TMR0_Initialize
 This function uses a non-reentrant model


 *************** function _PWM5_Initialize *****************
 Defined at:
		line 58 in file "mcc_generated_files/pwm5.c"
 Parameters:    Size  Location     Type
		None
 Auto vars:     Size  Location     Type
		None
 Return value:  Size  Location     Type
                  1    wreg      void 
 Registers used:
		wreg, status,2, status,0
 Tracked objects:
		On entry : 
		On exit  : 
		Unchanged: 
 Data sizes:     COMMON   BANK0   BANK1   BANK2   BANK3   BANK4   BANK5   BANK6
      Params:         0       0       0       0       0       0       0       0
      Locals:         0       0       0       0       0       0       0       0
      Temps:          0       0       0       0       0       0       0       0
      Totals:         0       0       0       0       0       0       0       0
Total ram usage:        0 bytes
 Hardware stack levels used:    1
 Hardware stack levels required when called:    6
 This function calls:
		Nothing
 This function is called by:
		_SYSTEM_Initialize
 This function uses a non-reentrant model


 *************** function _PIN_MANAGER_Initialize *****************
 Defined at:
		line 50 in file "mcc_generated_files/pin_manager.c"
 Parameters:    Size  Location     Type
		None
 Auto vars:     Size  Location     Type
  state           1    2[COMMON] unsigned char 
 Return value:  Size  Location     Type
                  1    wreg      void 
 Registers used:
		wreg, status,2, status,0
 Tracked objects:
		On entry : 
		On exit  : 
		Unchanged: 
 Data sizes:     COMMON   BANK0   BANK1   BANK2   BANK3   BANK4   BANK5   BANK6
      Params:         0       0       0       0       0       0       0       0
      Locals:         1       0       0       0       0       0       0       0
      Temps:          0       0       0       0       0       0       0       0
      Totals:         1       0       0       0       0       0       0       0
Total ram usage:        1 bytes
 Hardware stack levels used:    1
 Hardware stack levels required when called:    6
 This function calls:
		Nothing
 This function is called by:
		_SYSTEM_Initialize
 This function uses a non-reentrant model


 *************** function _OSCILLATOR_Initialize *****************
 Defined at:
		line 88 in file "mcc_generated_files/mcc.c"
 Parameters:    Size  Location     Type
		None
 Auto vars:     Size  Location     Type
		None
 Return value:  Size  Location     Type
                  1    wreg      void 
 Registers used:
		wreg, status,2
 Tracked objects:
		On entry : 
		On exit  : 
		Unchanged: 
 Data sizes:     COMMON   BANK0   BANK1   BANK2   BANK3   BANK4   BANK5   BANK6
      Params:         0       0       0       0       0       0       0       0
      Locals:         0       0       0       0       0       0       0       0
      Temps:          0       0       0       0       0       0       0       0
      Totals:         0       0       0       0       0       0       0       0
Total ram usage:        0 bytes
 Hardware stack levels used:    1
 Hardware stack levels required when called:    6
 This function calls:
		Nothing
 This function is called by:
		_SYSTEM_Initialize
 This function uses a non-reentrant model


 *************** function _EUSART_Initialize *****************
 Defined at:
		line 56 in file "mcc_generated_files/eusart.c"
 Parameters:    Size  Location     Type
		None
 Auto vars:     Size  Location     Type
		None
 Return value:  Size  Location     Type
                  1    wreg      void 
 Registers used:
		wreg, status,2
 Tracked objects:
		On entry : 
		On exit  : 
		Unchanged: 
 Data sizes:     COMMON   BANK0   BANK1   BANK2   BANK3   BANK4   BANK5   BANK6
      Params:         0       0       0       0       0       0       0       0
      Locals:         0       0       0       0       0       0       0       0
      Temps:          0       0       0       0       0       0       0       0
      Totals:         0       0       0       0       0       0       0       0
Total ram usage:        0 bytes
 Hardware stack levels used:    1
 Hardware stack levels required when called:    6
 This function calls:
		Nothing
 This function is called by:
		_SYSTEM_Initialize
 This function uses a non-reentrant model


 *************** function _ADC_Initialize *****************
 Defined at:
		line 65 in file "mcc_generated_files/adc.c"
 Parameters:    Size  Location     Type
		None
 Auto vars:     Size  Location     Type
		None
 Return value:  Size  Location     Type
                  1    wreg      void 
 Registers used:
		wreg, status,2
 Tracked objects:
		On entry : 
		On exit  : 
		Unchanged: 
 Data sizes:     COMMON   BANK0   BANK1   BANK2   BANK3   BANK4   BANK5   BANK6
      Params:         0       0       0       0       0       0       0       0
      Locals:         0       0       0       0       0       0       0       0
      Temps:          0       0       0       0       0       0       0       0
      Totals:         0       0       0       0       0       0       0       0
Total ram usage:        0 bytes
 Hardware stack levels used:    1
 Hardware stack levels required when called:    6
 This function calls:
		Nothing
 This function is called by:
		_SYSTEM_Initialize
 This function uses a non-reentrant model


 *************** function _ProtocolManager *****************
 Defined at:
		line 40 in file "CommunicationManager.c"
 Parameters:    Size  Location     Type
		None
 Auto vars:     Size  Location     Type
  k               1   11[BANK0 ] unsigned char 
 Return value:  Size  Location     Type
                  1    wreg      void 
 Registers used:
		wreg, fsr0l, fsr0h, fsr1l, fsr1h, status,2, status,0, pclath, cstack
 Tracked objects:
		On entry : 
		On exit  : 
		Unchanged: 
 Data sizes:     COMMON   BANK0   BANK1   BANK2   BANK3   BANK4   BANK5   BANK6
      Params:         0       0       0       0       0       0       0       0
      Locals:         0       1       0       0       0       0       0       0
      Temps:          0       4       0       0       0       0       0       0
      Totals:         0       5       0       0       0       0       0       0
Total ram usage:        5 bytes
 Hardware stack levels used:    1
 Hardware stack levels required when called:   10
 This function calls:
		_ADC_GetConversion
		_BuzzerStartConfig
		_DATAEE_ReadByte
		_DATAEE_WriteByte
		_EUSART_Read
		_FanStartConfig
		_LedONStartConfig
		_PackageTxResponseACK
		_PackageTxResponseData
		_PackageTxResponseNACK
		_char1bytetovalue
		_char2bytetovalue
 This function is called by:
		_main
 This function uses a non-reentrant model


 *************** function _char2bytetovalue *****************
 Defined at:
		line 370 in file "CommunicationManager.c"
 Parameters:    Size  Location     Type
  highBchar       1    wreg     unsigned char 
  LowBchar        1    5[COMMON] unsigned char 
  cksum           1    6[COMMON] PTR unsigned char 
		 -> Checksum(1), ProtocolManager@k(1), 
 Auto vars:     Size  Location     Type
  highBchar       1    1[BANK0 ] unsigned char 
  valuehex        1    0[BANK0 ] unsigned char 
 Return value:  Size  Location     Type
                  1    wreg      unsigned char 
 Registers used:
		wreg, fsr0l, fsr0h, fsr1l, fsr1h, status,2, status,0, pclath, cstack
 Tracked objects:
		On entry : 
		On exit  : 
		Unchanged: 
 Data sizes:     COMMON   BANK0   BANK1   BANK2   BANK3   BANK4   BANK5   BANK6
      Params:         2       0       0       0       0       0       0       0
      Locals:         0       2       0       0       0       0       0       0
      Temps:          3       0       0       0       0       0       0       0
      Totals:         5       2       0       0       0       0       0       0
Total ram usage:        7 bytes
 Hardware stack levels used:    1
 Hardware stack levels required when called:    7
 This function calls:
		_chartovalue
 This function is called by:
		_ProtocolManager
 This function uses a non-reentrant model


 *************** function _char1bytetovalue *****************
 Defined at:
		line 379 in file "CommunicationManager.c"
 Parameters:    Size  Location     Type
  LowBChar        1    wreg     unsigned char 
  cksum           1    5[COMMON] PTR unsigned char 
		 -> Checksum(1), 
 Auto vars:     Size  Location     Type
  LowBChar        1    8[COMMON] unsigned char 
  valuehex        1    7[COMMON] unsigned char 
 Return value:  Size  Location     Type
                  1    wreg      unsigned char 
 Registers used:
		wreg, fsr0l, fsr0h, fsr1l, fsr1h, status,2, status,0, pclath, cstack
 Tracked objects:
		On entry : 
		On exit  : 
		Unchanged: 
 Data sizes:     COMMON   BANK0   BANK1   BANK2   BANK3   BANK4   BANK5   BANK6
      Params:         1       0       0       0       0       0       0       0
      Locals:         2       0       0       0       0       0       0       0
      Temps:          1       0       0       0       0       0       0       0
      Totals:         4       0       0       0       0       0       0       0
Total ram usage:        4 bytes
 Hardware stack levels used:    1
 Hardware stack levels required when called:    7
 This function calls:
		_chartovalue
 This function is called by:
		_ProtocolManager
 This function uses a non-reentrant model


 *************** function _chartovalue *****************
 Defined at:
		line 344 in file "CommunicationManager.c"
 Parameters:    Size  Location     Type
  charNibble      1    wreg     unsigned char 
 Auto vars:     Size  Location     Type
  charNibble      1    3[COMMON] unsigned char 
  hexval          1    4[COMMON] unsigned char 
 Return value:  Size  Location     Type
                  1    wreg      unsigned char 
 Registers used:
		wreg, fsr0l, fsr0h, status,2, status,0
 Tracked objects:
		On entry : 
		On exit  : 
		Unchanged: 
 Data sizes:     COMMON   BANK0   BANK1   BANK2   BANK3   BANK4   BANK5   BANK6
      Params:         0       0       0       0       0       0       0       0
      Locals:         2       0       0       0       0       0       0       0
      Temps:          1       0       0       0       0       0       0       0
      Totals:         3       0       0       0       0       0       0       0
Total ram usage:        3 bytes
 Hardware stack levels used:    1
 Hardware stack levels required when called:    6
 This function calls:
		Nothing
 This function is called by:
		_char2bytetovalue
		_char1bytetovalue
 This function uses a non-reentrant model


 *************** function _PackageTxResponseData *****************
 Defined at:
		line 406 in file "CommunicationManager.c"
 Parameters:    Size  Location     Type
  frameType       1    wreg     unsigned char 
  data            1    1[BANK0 ] PTR unsigned char 
		 -> DigitalIN(1), AnalogSenseRawByte(2), eepromReadData(16), 
  dataLen         1    2[BANK0 ] unsigned char 
 Auto vars:     Size  Location     Type
  frameType       1    6[BANK0 ] unsigned char 
  i               1    5[BANK0 ] unsigned char 
 Return value:  Size  Location     Type
                  1    wreg      void 
 Registers used:
		wreg, fsr0l, fsr0h, fsr1l, fsr1h, status,2, status,0, pclath, cstack
 Tracked objects:
		On entry : 
		On exit  : 
		Unchanged: 
 Data sizes:     COMMON   BANK0   BANK1   BANK2   BANK3   BANK4   BANK5   BANK6
      Params:         0       2       0       0       0       0       0       0
      Locals:         0       2       0       0       0       0       0       0
      Temps:          0       2       0       0       0       0       0       0
      Totals:         0       6       0       0       0       0       0       0
Total ram usage:        6 bytes
 Hardware stack levels used:    1
 Hardware stack levels required when called:    9
 This function calls:
		_EUSART_RX_Disable
		_EUSART_RX_Enable
		_EUSART_TX_Completed
		_EUSART_Write
		_PackageTxResponseNACK
		_valuetocharHighNibble
		_valuetocharLowNibble
 This function is called by:
		_ProtocolManager
 This function uses a non-reentrant model


 *************** function _PackageTxResponseNACK *****************
 Defined at:
		line 543 in file "CommunicationManager.c"
 Parameters:    Size  Location     Type
  frameType       1    wreg     unsigned char 
 Auto vars:     Size  Location     Type
  frameType       1    0[BANK0 ] unsigned char 
 Return value:  Size  Location     Type
                  1    wreg      void 
 Registers used:
		wreg, fsr0l, fsr0h, status,2, status,0, pclath, cstack
 Tracked objects:
		On entry : 
		On exit  : 
		Unchanged: 
 Data sizes:     COMMON   BANK0   BANK1   BANK2   BANK3   BANK4   BANK5   BANK6
      Params:         0       0       0       0       0       0       0       0
      Locals:         0       1       0       0       0       0       0       0
      Temps:          1       0       0       0       0       0       0       0
      Totals:         1       1       0       0       0       0       0       0
Total ram usage:        2 bytes
 Hardware stack levels used:    1
 Hardware stack levels required when called:    8
 This function calls:
		_EUSART_RX_Disable
		_EUSART_RX_Enable
		_EUSART_TX_Completed
		_EUSART_Write
		_valuetocharHighNibble
		_valuetocharLowNibble
 This function is called by:
		_ProtocolManager
		_PackageTxResponseData
 This function uses a non-reentrant model


 *************** function _PackageTxResponseACK *****************
 Defined at:
		line 502 in file "CommunicationManager.c"
 Parameters:    Size  Location     Type
  frameType       1    wreg     unsigned char 
 Auto vars:     Size  Location     Type
  frameType       1    0[BANK0 ] unsigned char 
 Return value:  Size  Location     Type
                  1    wreg      void 
 Registers used:
		wreg, fsr0l, fsr0h, status,2, status,0, pclath, cstack
 Tracked objects:
		On entry : 
		On exit  : 
		Unchanged: 
 Data sizes:     COMMON   BANK0   BANK1   BANK2   BANK3   BANK4   BANK5   BANK6
      Params:         0       0       0       0       0       0       0       0
      Locals:         0       1       0       0       0       0       0       0
      Temps:          1       0       0       0       0       0       0       0
      Totals:         1       1       0       0       0       0       0       0
Total ram usage:        2 bytes
 Hardware stack levels used:    1
 Hardware stack levels required when called:    8
 This function calls:
		_EUSART_RX_Disable
		_EUSART_RX_Enable
		_EUSART_TX_Completed
		_EUSART_Write
		_valuetocharHighNibble
		_valuetocharLowNibble
 This function is called by:
		_ProtocolManager
 This function uses a non-reentrant model


 *************** function _valuetocharLowNibble *****************
 Defined at:
		line 398 in file "CommunicationManager.c"
 Parameters:    Size  Location     Type
  hexvalue        1    wreg     unsigned char 
 Auto vars:     Size  Location     Type
  hexvalue        1    6[COMMON] unsigned char 
  hexval          1    7[COMMON] unsigned char 
 Return value:  Size  Location     Type
                  1    wreg      unsigned char 
 Registers used:
		wreg, fsr0l, fsr0h, status,2, status,0, pclath, cstack
 Tracked objects:
		On entry : 
		On exit  : 
		Unchanged: 
 Data sizes:     COMMON   BANK0   BANK1   BANK2   BANK3   BANK4   BANK5   BANK6
      Params:         0       0       0       0       0       0       0       0
      Locals:         2       0       0       0       0       0       0       0
      Temps:          1       0       0       0       0       0       0       0
      Totals:         3       0       0       0       0       0       0       0
Total ram usage:        3 bytes
 Hardware stack levels used:    1
 Hardware stack levels required when called:    7
 This function calls:
		_valtoasciichar
 This function is called by:
		_PackageTxResponseData
		_PackageTxResponseACK
		_PackageTxResponseNACK
 This function uses a non-reentrant model


 *************** function _valuetocharHighNibble *****************
 Defined at:
		line 389 in file "CommunicationManager.c"
 Parameters:    Size  Location     Type
  hexvalue        1    wreg     unsigned char 
 Auto vars:     Size  Location     Type
  hexvalue        1    7[COMMON] unsigned char 
  hexval          1    8[COMMON] unsigned char 
 Return value:  Size  Location     Type
                  1    wreg      unsigned char 
 Registers used:
		wreg, fsr0l, fsr0h, status,2, status,0, pclath, cstack
 Tracked objects:
		On entry : 
		On exit  : 
		Unchanged: 
 Data sizes:     COMMON   BANK0   BANK1   BANK2   BANK3   BANK4   BANK5   BANK6
      Params:         0       0       0       0       0       0       0       0
      Locals:         2       0       0       0       0       0       0       0
      Temps:          2       0       0       0       0       0       0       0
      Totals:         4       0       0       0       0       0       0       0
Total ram usage:        4 bytes
 Hardware stack levels used:    1
 Hardware stack levels required when called:    7
 This function calls:
		_valtoasciichar
 This function is called by:
		_PackageTxResponseData
		_PackageTxResponseACK
		_PackageTxResponseNACK
[...]
      Params:         4       0       0       0       0       0       0       0
      Locals:         3       0       0       0       0       0       0       0
      Temps:          1       0       0       0       0       0       0       0
      Totals:         8       0       0       0       0       0       0       0
Total ram usage:        8 bytes
 Hardware stack levels used:    1
 Hardware stack levels required when called:    6
 This function calls:
		Nothing
 This function is called by:
		_BuzzerStartConfig
		_LedONStartConfig
 This function uses a non-reentrant model


 *************** function _TMR2_WriteTimer *****************
 Defined at:
		line 105 in file "mcc_generated_files/tmr2.c"
 Parameters:    Size  Location     Type
  timerVal        1    wreg     unsigned char 
 Auto vars:     Size  Location     Type
  timerVal        1    2[COMMON] unsigned char 
 Return value:  Size  Location     Type
                  1    wreg      void 
 Registers used:
		wreg
 Tracked objects:
		On entry : 
		On exit  : 
		Unchanged: 
 Data sizes:     COMMON   BANK0   BANK1   BANK2   BANK3   BANK4   BANK5   BANK6
      Params:         0       0       0       0       0       0       0       0
      Locals:         1       0       0       0       0       0       0       0
      Temps:          0       0       0       0       0       0       0       0
      Totals:         1       0       0       0       0       0       0       0
Total ram usage:        1 bytes
 Hardware stack levels used:    1
 Hardware stack levels required when called:    6
 This function calls:
		Nothing
 This function is called by:
		_BuzzerStartConfig
 This function uses a non-reentrant model


 *************** function _TMR2_StartTimer *****************
 Defined at:
		line 78 in file "mcc_generated_files/tmr2.c"
 Parameters:    Size  Location     Type
		None
 Auto vars:     Size  Location     Type
		None
 Return value:  Size  Location     Type
                  1    wreg      void 
 Registers used:
		None
 Tracked objects:
		On entry : 
		On exit  : 
		Unchanged: 
 Data sizes:     COMMON   BANK0   BANK1   BANK2   BANK3   BANK4   BANK5   BANK6
      Params:         0       0       0       0       0       0       0       0
      Locals:         0       0       0       0       0       0       0       0
      Temps:          0       0       0       0       0       0       0       0
      Totals:         0       0       0       0       0       0       0       0
Total ram usage:        0 bytes
 Hardware stack levels used:    1
 Hardware stack levels required when called:    6
 This function calls:
		Nothing
 This function is called by:
		_TMR2_Initialize
		_BuzzerStartConfig
 This function uses a non-reentrant model


 *************** function _ADC_GetConversion *****************
 Defined at:
		line 113 in file "mcc_generated_files/adc.c"
 Parameters:    Size  Location     Type
  channel         1    wreg     enum E7682
 Auto vars:     Size  Location     Type
  channel         1    5[COMMON] enum E7682
 Return value:  Size  Location     Type
                  2    2[COMMON] unsigned int 
 Registers used:
		wreg, status,2, status,0
 Tracked objects:
		On entry : 
		On exit  : 
		Unchanged: 
 Data sizes:     COMMON   BANK0   BANK1   BANK2   BANK3   BANK4   BANK5   BANK6
      Params:         2       0       0       0       0       0       0       0
      Locals:         1       0       0       0       0       0       0       0
      Temps:          1       0       0       0       0       0       0       0
      Totals:         4       0       0       0       0       0       0       0
Total ram usage:        4 bytes
 Hardware stack levels used:    1
 Hardware stack levels required when called:    6
 This function calls:
		Nothing
 This function is called by:
		_ProtocolManager
 This function uses a non-reentrant model


 *************** function _LedONStatusBusy *****************
 Defined at:
		line 9 in file "LED_Ctrl.c"
 Parameters:    Size  Location     Type
		None
 Auto vars:     Size  Location     Type
		None
 Return value:  Size  Location     Type
                  1    wreg      unsigned char 
 Registers used:
		wreg
 Tracked objects:
		On entry : 
		On exit  : 
		Unchanged: 
 Data sizes:     COMMON   BANK0   BANK1   BANK2   BANK3   BANK4   BANK5   BANK6
      Params:         0       0       0       0       0       0       0       0
      Locals:         0       0       0       0       0       0       0       0
      Temps:          0       0       0       0       0       0       0       0
      Totals:         0       0       0       0       0       0       0       0
Total ram usage:        0 bytes
 Hardware stack levels used:    1
 Hardware stack levels required when called:    6
 This function calls:
		Nothing
 This function is called by:
		_main
 This function uses a non-reentrant model


 *************** function _INTERRUPT_InterruptManager *****************
 Defined at:
		line 52 in file "mcc_generated_files/interrupt_manager.c"
 Parameters:    Size  Location     Type
		None
 Auto vars:     Size  Location     Type
		None
 Return value:  Size  Location     Type
                  1    wreg      void 
 Registers used:
		wreg, fsr0l, fsr0h, status,2, status,0, pclath, cstack
 Tracked objects:
		On entry : 
		On exit  : 
		Unchanged: 
 Data sizes:     COMMON   BANK0   BANK1   BANK2   BANK3   BANK4   BANK5   BANK6
      Params:         0       0       0       0       0       0       0       0
      Locals:         0       0       0       0       0       0       0       0
      Temps:          1       0       0       0       0       0       0       0
      Totals:         1       0       0       0       0       0       0       0
Total ram usage:        1 bytes
 Hardware stack levels used:    1
 Hardware stack levels required when called:    5
 This function calls:
		_TMR0_ISR
 This function is called by:
		Interrupt level 1
 This function uses a non-reentrant model


 *************** function _TMR0_ISR *****************
 Defined at:
		line 121 in file "mcc_generated_files/tmr0.c"
 Parameters:    Size  Location     Type
		None
 Auto vars:     Size  Location     Type
		None
 Return value:  Size  Location     Type
                  1    wreg      void 
 Registers used:
		wreg, fsr0l, fsr0h, status,2, status,0, pclath, cstack
 Tracked objects:
		On entry : 
		On exit  : 
		Unchanged: 
 Data sizes:     COMMON   BANK0   BANK1   BANK2   BANK3   BANK4   BANK5   BANK6
      Params:         0       0       0       0       0       0       0       0
      Locals:         0       0       0       0       0       0       0       0
      Temps:          0       0       0       0       0       0       0       0
      Totals:         0       0       0       0       0       0       0       0
Total ram usage:        0 bytes
 Hardware stack levels used:    1
 Hardware stack levels required when called:    4
 This function calls:
		_TMR0_CallBack
 This function is called by:
		_INTERRUPT_InterruptManager
 This function uses a non-reentrant model


 *************** function _TMR0_CallBack *****************
 Defined at:
		line 133 in file "mcc_generated_files/tmr0.c"
 Parameters:    Size  Location     Type
		None
 Auto vars:     Size  Location     Type
		None
 Return value:  Size  Location     Type
                  1    wreg      void 
 Registers used:
		wreg, fsr0l, fsr0h, status,2, status,0, pclath, cstack
 Tracked objects:
		On entry : 
		On exit  : 
		Unchanged: 
 Data sizes:     COMMON   BANK0   BANK1   BANK2   BANK3   BANK4   BANK5   BANK6
      Params:         0       0       0       0       0       0       0       0
      Locals:         0       0       0       0       0       0       0       0
      Temps:          0       0       0       0       0       0       0       0
      Totals:         0       0       0       0       0       0       0       0
Total ram usage:        0 bytes
 Hardware stack levels used:    1
 Hardware stack levels required when called:    3
 This function calls:
		_One_msec_task
 This function is called by:
		_TMR0_ISR
 This function uses a non-reentrant model


 *************** function _One_msec_task *****************
 Defined at:
		line 137 in file "main.c"
 Parameters:    Size  Location     Type
		None
 Auto vars:     Size  Location     Type
		None
 Return value:  Size  Location     Type
                  1    wreg      void 
 Registers used:
		wreg, fsr0l, fsr0h, status,2, status,0, pclath, cstack
 Tracked objects:
		On entry : 
		On exit  : 
		Unchanged: 
 Data sizes:     COMMON   BANK0   BANK1   BANK2   BANK3   BANK4   BANK5   BANK6
      Params:         0       0       0       0       0       0       0       0
      Locals:         0       0       0       0       0       0       0       0
      Temps:          0       0       0       0       0       0       0       0
      Totals:         0       0       0       0       0       0       0       0
Total ram usage:        0 bytes
 Hardware stack levels used:    1
 Hardware stack levels required when called:    2
 This function calls:
		_Buzzer_Control_msec
		_LedON_Control_msec
		_One_sec_task
 This function is called by:
		_TMR0_CallBack
 This function uses a non-reentrant model


 *************** function _One_sec_task *****************
 Defined at:
		line 152 in file "main.c"
 Parameters:    Size  Location     Type
		None
 Auto vars:     Size  Location     Type
		None
 Return value:  Size  Location     Type
                  1    wreg      void 
 Registers used:
		wreg, status,2, status,0, pclath, cstack
 Tracked objects:
		On entry : 
		On exit  : 
		Unchanged: 
 Data sizes:     COMMON   BANK0   BANK1   BANK2   BANK3   BANK4   BANK5   BANK6
      Params:         0       0       0       0       0       0       0       0
      Locals:         0       0       0       0       0       0       0       0
      Temps:          0       0       0       0       0       0       0       0
      Totals:         0       0       0       0       0       0       0       0
Total ram usage:        0 bytes
 Hardware stack levels used:    1
 Hardware stack levels required when called:    1
 This function calls:
		_Fan_Control_Sec
 This function is called by:
		_One_msec_task
 This function uses a non-reentrant model


 *************** function _Fan_Control_Sec *****************
 Defined at:
		line 30 in file "Fan_Ctrl.c"
 Parameters:    Size  Location     Type
		None
 Auto vars:     Size  Location     Type
		None
 Return value:  Size  Location     Type
                  1    wreg      void 
 Registers used:
		wreg, status,2, status,0
 Tracked objects:
		On entry : 
		On exit  : 
		Unchanged: 
 Data sizes:     COMMON   BANK0   BANK1   BANK2   BANK3   BANK4   BANK5   BANK6
      Params:         0       0       0       0       0       0       0       0
      Locals:         0       0       0       0       0       0       0       0
      Temps:          1       0       0       0       0       0       0       0
      Totals:         1       0       0       0       0       0       0       0
Total ram usage:        1 bytes
 Hardware stack levels used:    1
 This function calls:
		Nothing
 This function is called by:
		_One_sec_task
 This function uses a non-reentrant model


 *************** function _LedON_Control_msec *****************
 Defined at:
		line 51 in file "LED_Ctrl.c"
 Parameters:    Size  Location     Type
		None
 Auto vars:     Size  Location     Type
		None
 Return value:  Size  Location     Type
                  1    wreg      void 
 Registers used:
		wreg, fsr0l, fsr0h, status,2, status,0
 Tracked objects:
		On entry : 
		On exit  : 
		Unchanged: 
 Data sizes:     COMMON   BANK0   BANK1   BANK2   BANK3   BANK4   BANK5   BANK6
      Params:         0       0       0       0       0       0       0       0
      Locals:         0       0       0       0       0       0       0       0
      Temps:          0       0       0       0       0       0       0       0
      Totals:         0       0       0       0       0       0       0       0
Total ram usage:        0 bytes
 Hardware stack levels used:    1
 This function calls:
		Nothing
 This function is called by:
		_One_msec_task
 This function uses a non-reentrant model


 *************** function _Buzzer_Control_msec *****************
 Defined at:
		line 42 in file "Buzzer_Ctrl.c"
 Parameters:    Size  Location     Type
		None
 Auto vars:     Size  Location     Type
		None
 Return value:  Size  Location     Type
                  1    wreg      void 
 Registers used:
		wreg, status,2, status,0, pclath, cstack
 Tracked objects:
		On entry : 
		On exit  : 
		Unchanged: 
 Data sizes:     COMMON   BANK0   BANK1   BANK2   BANK3   BANK4   BANK5   BANK6
      Params:         0       0       0       0       0       0       0       0
      Locals:         0       0       0       0       0       0       0       0
      Temps:          0       0       0       0       0       0       0       0
      Totals:         0       0       0       0       0       0       0       0
Total ram usage:        0 bytes
 Hardware stack levels used:    1
 Hardware stack levels required when called:    1
 This function calls:
		_TMR2_StopTimer
		_TMR2_ToggleTimer
		i1_TMR2_WriteTimer
 This function is called by:
		_One_msec_task
 This function uses a non-reentrant model


 *************** function i1_TMR2_WriteTimer *****************
 Defined at:
		line 105 in file "mcc_generated_files/tmr2.c"
 Parameters:    Size  Location     Type
  timerVal        1    wreg     unsigned char 
 Auto vars:     Size  Location     Type
  timerVal        1    0[COMMON] unsigned char 
 Return value:  Size  Location     Type
                  1    wreg      void 
 Registers used:
		wreg
 Tracked objects:
		On entry : 
		On exit  : 
		Unchanged: 
 Data sizes:     COMMON   BANK0   BANK1   BANK2   BANK3   BANK4   BANK5   BANK6
      Params:         0       0       0       0       0       0       0       0
      Locals:         1       0       0       0       0       0       0       0
      Temps:          0       0       0       0       0       0       0       0
      Totals:         1       0       0       0       0       0       0       0
Total ram usage:        1 bytes
 Hardware stack levels used:    1
 This function calls:
		Nothing
 This function is called by:
		_Buzzer_Control_msec
 This function uses a non-reentrant model


 *************** function _TMR2_ToggleTimer *****************
 Defined at:
		line 84 in file "mcc_generated_files/tmr2.c"
 Parameters:    Size  Location     Type
		None
 Auto vars:     Size  Location     Type
		None
 Return value:  Size  Location     Type
                  1    wreg      void 
 Registers used:
		wreg, status,2, status,0
 Tracked objects:
		On entry : 
		On exit  : 
		Unchanged: 
 Data sizes:     COMMON   BANK0   BANK1   BANK2   BANK3   BANK4   BANK5   BANK6
      Params:         0       0       0       0       0       0       0       0
      Locals:         0       0       0       0       0       0       0       0
      Temps:          1       0       0       0       0       0       0       0
      Totals:         1       0       0       0       0       0       0       0
Total ram usage:        1 bytes
 Hardware stack levels used:    1
 This function calls:
		Nothing
 This function is called by:
		_Buzzer_Control_msec
 This function uses a non-reentrant model


 *************** function _TMR2_StopTimer *****************
 Defined at:
		line 90 in file "mcc_generated_files/tmr2.c"
 Parameters:    Size  Location     Type
		None
 Auto vars:     Size  Location     Type
		None
 Return value:  Size  Location     Type
                  1    wreg      void 
 Registers used:
		None
 Tracked objects:
		On entry : 
		On exit  : 
		Unchanged: 
 Data sizes:     COMMON   BANK0   BANK1   BANK2   BANK3   BANK4   BANK5   BANK6
      Params:         0       0       0       0       0       0       0       0
      Locals:         0       0       0       0       0       0       0       0
      Temps:          0       0       0       0       0       0       0       0
      Totals:         0       0       0       0       0       0       0       0
Total ram usage:        0 bytes
 Hardware stack levels used:    1
 This function calls:
		Nothing
 This function is called by:
		_Buzzer_Control_msec
 This function uses a non-reentrant model



MODULE INFORMATION

Module		Function		Class		Link	Load	Size
/opt/microchip/xc8/v1.41/sources/common/lwdiv.c
		___lwdiv       		CODE           	0ED4	0000	53

/opt/microchip/xc8/v1.41/sources/common/lwdiv.c estimated size: 53

LED_Ctrl.c
		_LedONStartConfig		CODE           	06D9	0000	101
		_LedONStatusBusy		CODE           	0002	0000	3
		_LedON_Control_msec		CODE           	0FB3	0000	78

LED_Ctrl.c estimated size: 182

mcc_generated_files/tmr2.c
		_TMR2_Initialize		CODE           	0DA0	0000	11
		_TMR2_ToggleTimer		CODE           	0DDC	0000	17
		_TMR2_StopTimer		CODE           	0D41	0000	4
		_TMR2_WriteTimer		CODE           	0D67	0000	6
		_TMR2_StartTimer		CODE           	0D4A	0000	4

mcc_generated_files/tmr2.c estimated size: 42

mcc_generated_files/interrupt_manager.c
		_INTERRUPT_InterruptManager		CODE           	0004	0000	19

mcc_generated_files/interrupt_manager.c estimated size: 19

Buzzer_Ctrl.c
		_Buzzer_Control_msec		CODE           	0F3D	0000	58
		_BuzzerStartConfig		CODE           	0798	0000	83

Buzzer_Ctrl.c estimated size: 141

mcc_generated_files/tmr0.c
		_TMR0_CallBack 		CODE           	0D47	0000	4
		_TMR0_StartTimer		CODE           	0D53	0000	4
		_TMR0_ISR      		CODE           	0D62	0000	6
		_TMR0_Initialize		CODE           	0DC1	0000	14

mcc_generated_files/tmr0.c estimated size: 28

mcc_generated_files/pin_manager.c
		_PIN_MANAGER_Initialize		CODE           	0F76	0000	62

mcc_generated_files/pin_manager.c estimated size: 62

mcc_generated_files/adc.c
		_ADC_Initialize		CODE           	0D7A	0000	10
		_ADC_GetConversion		CODE           	0E27	0000	26

mcc_generated_files/adc.c estimated size: 36

CommunicationManager.c
		_char2bytetovalue		CODE           	0EAF	0000	38
		_PackageTxResponseACK		CODE           	05F8	0000	123
		_ProtocolManager		CODE           	003C	0000	1091
		_valuetocharLowNibble		CODE           	0DCE	0000	15
		_PackageTxResponseNACK		CODE           	057E	0000	123
		_PackageTxResponseData		CODE           	047E	0000	257
		_chartovalue   		CODE           	073D	0000	92
		_valuetocharHighNibble		CODE           	0DFE	0000	21
		_char1bytetovalue		CODE           	0E12	0000	22
		_valtoasciichar		CODE           	0F08	0000	54

CommunicationManager.c estimated size: 1836

Fan_Ctrl.c
		_Fan_Control_Sec		CODE           	0DEC	0000	19
		_FanStartConfig		CODE           	0E40	0000	26

Fan_Ctrl.c estimated size: 45

shared
		__initialization		CODE           	0018	0000	33
		i1_TMR2_WriteTimer		CODE           	0D5D	0000	6

shared estimated size: 39

mcc_generated_files/pwm5.c
		_PWM5_Initialize		CODE           	0D96	0000	11

mcc_generated_files/pwm5.c estimated size: 11

mcc_generated_files/mcc.c
		_OSCILLATOR_Initialize		CODE           	0D83	0000	10
		_SYSTEM_Initialize		CODE           	07EA	0000	22

mcc_generated_files/mcc.c estimated size: 32

mcc_generated_files/memory.c
		_DATAEE_WriteByte		CODE           	0E74	0000	29
		_DATAEE_ReadByte		CODE           	0DB5	0000	13

mcc_generated_files/memory.c estimated size: 42

mcc_generated_files/eusart.c
		_EUSART_Read   		CODE           	0D8C	0000	11
		_EUSART_Write  		CODE           	0D72	0000	9
		_EUSART_RX_Enable		CODE           	0D50	0000	4
		_EUSART_RX_Disable		CODE           	0D4D	0000	4
		_EUSART_Initialize		CODE           	0DAA	0000	12
		_EUSART_TX_Completed		CODE           	0D59	0000	5

mcc_generated_files/eusart.c estimated size: 45

/opt/microchip/xc8/v1.41/sources/common/Umul16.c
		___wmul        		CODE           	0E59	0000	28

/opt/microchip/xc8/v1.41/sources/common/Umul16.c estimated size: 28

main.c
		_main          		CODE           	0672	0000	104
		_One_sec_task  		CODE           	0D44	0000	4
		_One_msec_task 		CODE           	0E90	0000	32

main.c estimated size: 140

